// Jest Snapshot v1, https://goo.gl/fbAQLP

exports[`assets can return information on assets 1`] = `Array []`;
